./gradlew :app:verifyReleaseGates :app:verifyMainMergeSurface :app:verifyPlayStoreListing :app:verifyPlayStoreAssets :app:testDebugUnitTest :app:testReleaseUnitTest :app:lintDebug :app:lintRelease

> Task :app:verifyReleaseGatesContract
Release gate contract passed: accepted=1 rejected=70

> Task :app:verifyReleaseGates
Release gate verification passed: gates=10 ready=3 blocked=7 verified=0 partialRequirements=6

> Task :app:verifyMainMergeSurfaceContract
Main merge surface contract passed: accepted=1 rejected=11

> Task :app:verifyMainMergeSurface
Main merge surface verification passed.
base=432b34c064d70a59c20753116b39390bee2c1cd0 head=654c837e1550d0cee2e3e445b7aba2288b064bbd commits=272 files=1338 bytes=403059789 .github=4,.gitignore=1,android=198,api=54,docs/android=1081 ios=0

> Task :app:verifyPlayStoreListingContract
Play store listing contract passed: accepted=1 rejected=20

> Task :app:verifyPlayStoreListing
Play store listing verification passed: textBlocks=4 screenshots=8 sourceMappings=8 publicUrls=5

> Task :app:renderPlayStoreScreenshots UP-TO-DATE
> Task :app:verifyPlayStoreScreenshotRendererContract
> Task :app:verifyPlayStoreAssets
> Task :app:checkKotlinGradlePluginConfigurationErrors SKIPPED
> Task :app:syncRoleAssets UP-TO-DATE
> Task :app:preBuild UP-TO-DATE
> Task :app:preDebugBuild UP-TO-DATE
> Task :app:generateDebugBuildConfig UP-TO-DATE
> Task :app:checkDebugAarMetadata UP-TO-DATE
> Task :app:generateDebugResValues UP-TO-DATE
> Task :app:mapDebugSourceSetPaths UP-TO-DATE
> Task :app:generateDebugResources UP-TO-DATE
> Task :app:mergeDebugResources UP-TO-DATE
> Task :app:packageDebugResources UP-TO-DATE
> Task :app:parseDebugLocalResources UP-TO-DATE
> Task :app:createDebugCompatibleScreenManifests UP-TO-DATE
> Task :app:extractDeepLinksDebug UP-TO-DATE
> Task :app:processDebugMainManifest UP-TO-DATE
> Task :app:processDebugManifest UP-TO-DATE
> Task :app:processDebugManifestForPackage UP-TO-DATE
> Task :app:processDebugResources UP-TO-DATE
> Task :app:compileDebugKotlin UP-TO-DATE
> Task :app:javaPreCompileDebug UP-TO-DATE
> Task :app:compileDebugJavaWithJavac UP-TO-DATE
> Task :app:bundleDebugClassesToRuntimeJar UP-TO-DATE
> Task :app:bundleDebugClassesToCompileJar UP-TO-DATE
> Task :app:compileDebugUnitTestKotlin UP-TO-DATE
> Task :app:preDebugUnitTestBuild UP-TO-DATE
> Task :app:javaPreCompileDebugUnitTest UP-TO-DATE
> Task :app:compileDebugUnitTestJavaWithJavac NO-SOURCE
> Task :app:processDebugJavaRes UP-TO-DATE
> Task :app:processDebugUnitTestJavaRes UP-TO-DATE
> Task :app:testDebugUnitTest UP-TO-DATE
> Task :app:buildKotlinToolingMetadata UP-TO-DATE
> Task :app:preReleaseBuild UP-TO-DATE
> Task :app:generateReleaseBuildConfig UP-TO-DATE
> Task :app:checkReleaseAarMetadata UP-TO-DATE
> Task :app:generateReleaseResValues UP-TO-DATE
> Task :app:mapReleaseSourceSetPaths UP-TO-DATE
> Task :app:generateReleaseResources UP-TO-DATE
> Task :app:mergeReleaseResources UP-TO-DATE
> Task :app:packageReleaseResources UP-TO-DATE
> Task :app:parseReleaseLocalResources UP-TO-DATE
> Task :app:createReleaseCompatibleScreenManifests UP-TO-DATE
> Task :app:extractDeepLinksRelease UP-TO-DATE
> Task :app:processReleaseMainManifest UP-TO-DATE
> Task :app:processReleaseManifest UP-TO-DATE
> Task :app:processReleaseManifestForPackage UP-TO-DATE
> Task :app:processReleaseResources UP-TO-DATE
> Task :app:compileReleaseKotlin UP-TO-DATE
> Task :app:javaPreCompileRelease UP-TO-DATE
> Task :app:compileReleaseJavaWithJavac UP-TO-DATE
> Task :app:bundleReleaseClassesToRuntimeJar UP-TO-DATE
> Task :app:bundleReleaseClassesToCompileJar UP-TO-DATE
> Task :app:compileReleaseUnitTestKotlin UP-TO-DATE
> Task :app:preReleaseUnitTestBuild UP-TO-DATE
> Task :app:javaPreCompileReleaseUnitTest UP-TO-DATE
> Task :app:compileReleaseUnitTestJavaWithJavac NO-SOURCE
> Task :app:processReleaseJavaRes UP-TO-DATE
> Task :app:processReleaseUnitTestJavaRes UP-TO-DATE
> Task :app:testReleaseUnitTest UP-TO-DATE
> Task :app:preDebugAndroidTestBuild SKIPPED
> Task :app:generateDebugAndroidTestResValues UP-TO-DATE
> Task :app:generateDebugAndroidTestLintModel UP-TO-DATE
> Task :app:extractProguardFiles UP-TO-DATE
> Task :app:generateDebugLintReportModel UP-TO-DATE
> Task :app:generateDebugUnitTestLintModel UP-TO-DATE
> Task :app:lintAnalyzeDebug UP-TO-DATE
> Task :app:lintAnalyzeDebugAndroidTest UP-TO-DATE
> Task :app:lintAnalyzeDebugUnitTest UP-TO-DATE
> Task :app:lintReportDebug UP-TO-DATE
> Task :app:lintDebug
> Task :app:generateReleaseLintReportModel UP-TO-DATE
> Task :app:generateReleaseUnitTestLintModel UP-TO-DATE
> Task :app:lintAnalyzeRelease UP-TO-DATE
> Task :app:lintAnalyzeReleaseUnitTest UP-TO-DATE
> Task :app:lintReportRelease UP-TO-DATE
> Task :app:lintRelease

BUILD SUCCESSFUL in 9s
75 actionable tasks: 10 executed, 65 up-to-date
